
blink.elf:     file format elf32-littleriscv


Disassembly of section .text:

10000000 <_ftext>:
10000000:	0b00006f          	j	100000b0 <crt_init>
10000004:	00000013          	nop
10000008:	00000013          	nop
1000000c:	00000013          	nop
10000010:	00000013          	nop
10000014:	00000013          	nop
10000018:	00000013          	nop
1000001c:	00000013          	nop

10000020 <trap_entry>:
10000020:	fe112e23          	sw	ra,-4(sp)
10000024:	fe512c23          	sw	t0,-8(sp)
10000028:	fe612a23          	sw	t1,-12(sp)
1000002c:	fe712823          	sw	t2,-16(sp)
10000030:	fea12623          	sw	a0,-20(sp)
10000034:	feb12423          	sw	a1,-24(sp)
10000038:	fec12223          	sw	a2,-28(sp)
1000003c:	fed12023          	sw	a3,-32(sp)
10000040:	fce12e23          	sw	a4,-36(sp)
10000044:	fcf12c23          	sw	a5,-40(sp)
10000048:	fd012a23          	sw	a6,-44(sp)
1000004c:	fd112823          	sw	a7,-48(sp)
10000050:	fdc12623          	sw	t3,-52(sp)
10000054:	fdd12423          	sw	t4,-56(sp)
10000058:	fde12223          	sw	t5,-60(sp)
1000005c:	fdf12023          	sw	t6,-64(sp)
10000060:	fc010113          	addi	sp,sp,-64
10000064:	128000ef          	jal	1000018c <isr>
10000068:	03c12083          	lw	ra,60(sp)
1000006c:	03812283          	lw	t0,56(sp)
10000070:	03412303          	lw	t1,52(sp)
10000074:	03012383          	lw	t2,48(sp)
10000078:	02c12503          	lw	a0,44(sp)
1000007c:	02812583          	lw	a1,40(sp)
10000080:	02412603          	lw	a2,36(sp)
10000084:	02012683          	lw	a3,32(sp)
10000088:	01c12703          	lw	a4,28(sp)
1000008c:	01812783          	lw	a5,24(sp)
10000090:	01412803          	lw	a6,20(sp)
10000094:	01012883          	lw	a7,16(sp)
10000098:	00c12e03          	lw	t3,12(sp)
1000009c:	00812e83          	lw	t4,8(sp)
100000a0:	00412f03          	lw	t5,4(sp)
100000a4:	00012f83          	lw	t6,0(sp)
100000a8:	04010113          	addi	sp,sp,64
100000ac:	30200073          	mret

100000b0 <crt_init>:
100000b0:	40000113          	li	sp,1024
100000b4:	00000517          	auipc	a0,0x0
100000b8:	f6c50513          	addi	a0,a0,-148 # 10000020 <trap_entry>
100000bc:	30551073          	csrw	mtvec,a0

100000c0 <data_init>:
100000c0:	00000513          	li	a0,0
100000c4:	00000593          	li	a1,0
100000c8:	00001617          	auipc	a2,0x1
100000cc:	b3860613          	addi	a2,a2,-1224 # 10000c00 <_erodata>

100000d0 <data_loop>:
100000d0:	00b50c63          	beq	a0,a1,100000e8 <bss_init>
100000d4:	00062683          	lw	a3,0(a2)
100000d8:	00d52023          	sw	a3,0(a0)
100000dc:	00450513          	addi	a0,a0,4
100000e0:	00460613          	addi	a2,a2,4
100000e4:	fedff06f          	j	100000d0 <data_loop>

100000e8 <bss_init>:
100000e8:	00000513          	li	a0,0
100000ec:	00800593          	li	a1,8

100000f0 <bss_loop>:
100000f0:	00b50863          	beq	a0,a1,10000100 <bss_done>
100000f4:	00052023          	sw	zero,0(a0)
100000f8:	00450513          	addi	a0,a0,4
100000fc:	ff5ff06f          	j	100000f0 <bss_loop>

10000100 <bss_done>:
10000100:	00001537          	lui	a0,0x1
10000104:	88050513          	addi	a0,a0,-1920 # 880 <_fstack+0x480>
10000108:	30451073          	csrw	mie,a0
1000010c:	02d000ef          	jal	10000938 <main>

10000110 <infinit_loop>:
10000110:	0000006f          	j	10000110 <infinit_loop>

10000114 <flush_cpu_icache>:
10000114:	ff010113          	addi	sp,sp,-16
10000118:	00112623          	sw	ra,12(sp)
1000011c:	00812423          	sw	s0,8(sp)
10000120:	01010413          	addi	s0,sp,16
10000124:	00000013          	nop
10000128:	00c12083          	lw	ra,12(sp)
1000012c:	00812403          	lw	s0,8(sp)
10000130:	01010113          	addi	sp,sp,16
10000134:	00008067          	ret

10000138 <flush_cpu_dcache>:
10000138:	ff010113          	addi	sp,sp,-16
1000013c:	00112623          	sw	ra,12(sp)
10000140:	00812423          	sw	s0,8(sp)
10000144:	01010413          	addi	s0,sp,16
10000148:	00000013          	nop
1000014c:	00c12083          	lw	ra,12(sp)
10000150:	00812403          	lw	s0,8(sp)
10000154:	01010113          	addi	sp,sp,16
10000158:	00008067          	ret

1000015c <irq_setmask>:
1000015c:	fe010113          	addi	sp,sp,-32
10000160:	00112e23          	sw	ra,28(sp)
10000164:	00812c23          	sw	s0,24(sp)
10000168:	02010413          	addi	s0,sp,32
1000016c:	fea42623          	sw	a0,-20(s0)
10000170:	fec42783          	lw	a5,-20(s0)
10000174:	bc079073          	csrw	0xbc0,a5
10000178:	00000013          	nop
1000017c:	01c12083          	lw	ra,28(sp)
10000180:	01812403          	lw	s0,24(sp)
10000184:	02010113          	addi	sp,sp,32
10000188:	00008067          	ret

1000018c <isr>:
1000018c:	ff010113          	addi	sp,sp,-16
10000190:	00112623          	sw	ra,12(sp)
10000194:	00812423          	sw	s0,8(sp)
10000198:	01010413          	addi	s0,sp,16
1000019c:	00000513          	li	a0,0
100001a0:	fbdff0ef          	jal	1000015c <irq_setmask>
100001a4:	f00057b7          	lui	a5,0xf0005
100001a8:	01c78793          	addi	a5,a5,28 # f000501c <_erodata+0xe000441c>
100001ac:	0007a023          	sw	zero,0(a5)
100001b0:	f00057b7          	lui	a5,0xf0005
100001b4:	00c78793          	addi	a5,a5,12 # f000500c <_erodata+0xe000440c>
100001b8:	00100713          	li	a4,1
100001bc:	00e7a023          	sw	a4,0(a5)
100001c0:	f00057b7          	lui	a5,0xf0005
100001c4:	01078793          	addi	a5,a5,16 # f0005010 <_erodata+0xe0004410>
100001c8:	0007a783          	lw	a5,0(a5)
100001cc:	00079863          	bnez	a5,100001dc <isr+0x50>
100001d0:	00100713          	li	a4,1
100001d4:	00e01023          	sh	a4,0(zero) # 0 <flag>
100001d8:	0140006f          	j	100001ec <isr+0x60>
100001dc:	f00057b7          	lui	a5,0xf0005
100001e0:	01c78793          	addi	a5,a5,28 # f000501c <_erodata+0xe000441c>
100001e4:	00100713          	li	a4,1
100001e8:	00e7a023          	sw	a4,0(a5)
100001ec:	00000013          	nop
100001f0:	00000013          	nop
100001f4:	00c12083          	lw	ra,12(sp)
100001f8:	00812403          	lw	s0,8(sp)
100001fc:	01010113          	addi	sp,sp,16
10000200:	00008067          	ret

10000204 <flush_cpu_icache>:
10000204:	ff010113          	addi	sp,sp,-16
10000208:	00112623          	sw	ra,12(sp)
1000020c:	00812423          	sw	s0,8(sp)
10000210:	01010413          	addi	s0,sp,16
10000214:	00000013          	nop
10000218:	00c12083          	lw	ra,12(sp)
1000021c:	00812403          	lw	s0,8(sp)
10000220:	01010113          	addi	sp,sp,16
10000224:	00008067          	ret

10000228 <flush_cpu_dcache>:
10000228:	ff010113          	addi	sp,sp,-16
1000022c:	00112623          	sw	ra,12(sp)
10000230:	00812423          	sw	s0,8(sp)
10000234:	01010413          	addi	s0,sp,16
10000238:	00000013          	nop
1000023c:	00c12083          	lw	ra,12(sp)
10000240:	00812403          	lw	s0,8(sp)
10000244:	01010113          	addi	sp,sp,16
10000248:	00008067          	ret

1000024c <putchar>:
1000024c:	fe010113          	addi	sp,sp,-32
10000250:	00112e23          	sw	ra,28(sp)
10000254:	00812c23          	sw	s0,24(sp)
10000258:	02010413          	addi	s0,sp,32
1000025c:	00050793          	mv	a5,a0
10000260:	fef407a3          	sb	a5,-17(s0)
10000264:	fef44703          	lbu	a4,-17(s0)
10000268:	00a00793          	li	a5,10
1000026c:	02f71663          	bne	a4,a5,10000298 <putchar+0x4c>
10000270:	00000013          	nop
10000274:	f00067b7          	lui	a5,0xf0006
10000278:	80478793          	addi	a5,a5,-2044 # f0005804 <_erodata+0xe0004c04>
1000027c:	0007a703          	lw	a4,0(a5)
10000280:	00100793          	li	a5,1
10000284:	fef708e3          	beq	a4,a5,10000274 <putchar+0x28>
10000288:	f00067b7          	lui	a5,0xf0006
1000028c:	80078793          	addi	a5,a5,-2048 # f0005800 <_erodata+0xe0004c00>
10000290:	00d00713          	li	a4,13
10000294:	00e7a023          	sw	a4,0(a5)
10000298:	00000013          	nop
1000029c:	f00067b7          	lui	a5,0xf0006
100002a0:	80478793          	addi	a5,a5,-2044 # f0005804 <_erodata+0xe0004c04>
100002a4:	0007a703          	lw	a4,0(a5)
100002a8:	00100793          	li	a5,1
100002ac:	fef708e3          	beq	a4,a5,1000029c <putchar+0x50>
100002b0:	f00067b7          	lui	a5,0xf0006
100002b4:	80078793          	addi	a5,a5,-2048 # f0005800 <_erodata+0xe0004c00>
100002b8:	fef44703          	lbu	a4,-17(s0)
100002bc:	00e7a023          	sw	a4,0(a5)
100002c0:	00000013          	nop
100002c4:	01c12083          	lw	ra,28(sp)
100002c8:	01812403          	lw	s0,24(sp)
100002cc:	02010113          	addi	sp,sp,32
100002d0:	00008067          	ret

100002d4 <print>:
100002d4:	fe010113          	addi	sp,sp,-32
100002d8:	00112e23          	sw	ra,28(sp)
100002dc:	00812c23          	sw	s0,24(sp)
100002e0:	02010413          	addi	s0,sp,32
100002e4:	fea42623          	sw	a0,-20(s0)
100002e8:	01c0006f          	j	10000304 <print+0x30>
100002ec:	fec42783          	lw	a5,-20(s0)
100002f0:	00178713          	addi	a4,a5,1
100002f4:	fee42623          	sw	a4,-20(s0)
100002f8:	0007c783          	lbu	a5,0(a5)
100002fc:	00078513          	mv	a0,a5
10000300:	f4dff0ef          	jal	1000024c <putchar>
10000304:	fec42783          	lw	a5,-20(s0)
10000308:	0007c783          	lbu	a5,0(a5)
1000030c:	fe0790e3          	bnez	a5,100002ec <print+0x18>
10000310:	00000013          	nop
10000314:	00000013          	nop
10000318:	01c12083          	lw	ra,28(sp)
1000031c:	01812403          	lw	s0,24(sp)
10000320:	02010113          	addi	sp,sp,32
10000324:	00008067          	ret

10000328 <print_hex>:
10000328:	fd010113          	addi	sp,sp,-48
1000032c:	02112623          	sw	ra,44(sp)
10000330:	02812423          	sw	s0,40(sp)
10000334:	03010413          	addi	s0,sp,48
10000338:	fca42e23          	sw	a0,-36(s0)
1000033c:	fcb42c23          	sw	a1,-40(s0)
10000340:	fd842783          	lw	a5,-40(s0)
10000344:	00f04663          	bgtz	a5,10000350 <print_hex+0x28>
10000348:	00100793          	li	a5,1
1000034c:	fcf42c23          	sw	a5,-40(s0)
10000350:	fd842703          	lw	a4,-40(s0)
10000354:	00800793          	li	a5,8
10000358:	00e7d663          	bge	a5,a4,10000364 <print_hex+0x3c>
1000035c:	00800793          	li	a5,8
10000360:	fcf42c23          	sw	a5,-40(s0)
10000364:	fd842783          	lw	a5,-40(s0)
10000368:	fff78793          	addi	a5,a5,-1
1000036c:	fef42623          	sw	a5,-20(s0)
10000370:	0600006f          	j	100003d0 <print_hex+0xa8>
10000374:	fec42783          	lw	a5,-20(s0)
10000378:	00279793          	slli	a5,a5,0x2
1000037c:	fdc42703          	lw	a4,-36(s0)
10000380:	00f757b3          	srl	a5,a4,a5
10000384:	00f7f793          	andi	a5,a5,15
10000388:	fef42423          	sw	a5,-24(s0)
1000038c:	fe842703          	lw	a4,-24(s0)
10000390:	00900793          	li	a5,9
10000394:	00e7ec63          	bltu	a5,a4,100003ac <print_hex+0x84>
10000398:	fe842783          	lw	a5,-24(s0)
1000039c:	0ff7f793          	zext.b	a5,a5
100003a0:	03078793          	addi	a5,a5,48
100003a4:	0ff7f793          	zext.b	a5,a5
100003a8:	0140006f          	j	100003bc <print_hex+0x94>
100003ac:	fe842783          	lw	a5,-24(s0)
100003b0:	0ff7f793          	zext.b	a5,a5
100003b4:	05778793          	addi	a5,a5,87
100003b8:	0ff7f793          	zext.b	a5,a5
100003bc:	00078513          	mv	a0,a5
100003c0:	e8dff0ef          	jal	1000024c <putchar>
100003c4:	fec42783          	lw	a5,-20(s0)
100003c8:	fff78793          	addi	a5,a5,-1
100003cc:	fef42623          	sw	a5,-20(s0)
100003d0:	fec42783          	lw	a5,-20(s0)
100003d4:	fa07d0e3          	bgez	a5,10000374 <print_hex+0x4c>
100003d8:	00000013          	nop
100003dc:	00000013          	nop
100003e0:	02c12083          	lw	ra,44(sp)
100003e4:	02812403          	lw	s0,40(sp)
100003e8:	03010113          	addi	sp,sp,48
100003ec:	00008067          	ret

100003f0 <print_dec>:
100003f0:	fd010113          	addi	sp,sp,-48
100003f4:	02112623          	sw	ra,44(sp)
100003f8:	02812423          	sw	s0,40(sp)
100003fc:	03010413          	addi	s0,sp,48
10000400:	fca42e23          	sw	a0,-36(s0)
10000404:	fdc42783          	lw	a5,-36(s0)
10000408:	00079863          	bnez	a5,10000418 <print_dec+0x28>
1000040c:	03000513          	li	a0,48
10000410:	e3dff0ef          	jal	1000024c <putchar>
10000414:	0ac0006f          	j	100004c0 <print_dec+0xd0>
10000418:	00100793          	li	a5,1
1000041c:	fef42623          	sw	a5,-20(s0)
10000420:	fe042423          	sw	zero,-24(s0)
10000424:	0900006f          	j	100004b4 <print_dec+0xc4>
10000428:	100017b7          	lui	a5,0x10001
1000042c:	b0078713          	addi	a4,a5,-1280 # 10000b00 <_etext>
10000430:	fe842783          	lw	a5,-24(s0)
10000434:	00279793          	slli	a5,a5,0x2
10000438:	00f707b3          	add	a5,a4,a5
1000043c:	0007a783          	lw	a5,0(a5)
10000440:	fef42023          	sw	a5,-32(s0)
10000444:	fe0403a3          	sb	zero,-25(s0)
10000448:	0200006f          	j	10000468 <print_dec+0x78>
1000044c:	fdc42703          	lw	a4,-36(s0)
10000450:	fe042783          	lw	a5,-32(s0)
10000454:	40f707b3          	sub	a5,a4,a5
10000458:	fcf42e23          	sw	a5,-36(s0)
1000045c:	fe744783          	lbu	a5,-25(s0)
10000460:	00178793          	addi	a5,a5,1
10000464:	fef403a3          	sb	a5,-25(s0)
10000468:	fdc42703          	lw	a4,-36(s0)
1000046c:	fe042783          	lw	a5,-32(s0)
10000470:	fcf77ee3          	bgeu	a4,a5,1000044c <print_dec+0x5c>
10000474:	fe744783          	lbu	a5,-25(s0)
10000478:	00079c63          	bnez	a5,10000490 <print_dec+0xa0>
1000047c:	fec42783          	lw	a5,-20(s0)
10000480:	00078863          	beqz	a5,10000490 <print_dec+0xa0>
10000484:	fe842703          	lw	a4,-24(s0)
10000488:	00900793          	li	a5,9
1000048c:	00f71e63          	bne	a4,a5,100004a8 <print_dec+0xb8>
10000490:	fe744783          	lbu	a5,-25(s0)
10000494:	03078793          	addi	a5,a5,48
10000498:	0ff7f793          	zext.b	a5,a5
1000049c:	00078513          	mv	a0,a5
100004a0:	dadff0ef          	jal	1000024c <putchar>
100004a4:	fe042623          	sw	zero,-20(s0)
100004a8:	fe842783          	lw	a5,-24(s0)
100004ac:	00178793          	addi	a5,a5,1
100004b0:	fef42423          	sw	a5,-24(s0)
100004b4:	fe842703          	lw	a4,-24(s0)
100004b8:	00900793          	li	a5,9
100004bc:	f6e7d6e3          	bge	a5,a4,10000428 <print_dec+0x38>
100004c0:	02c12083          	lw	ra,44(sp)
100004c4:	02812403          	lw	s0,40(sp)
100004c8:	03010113          	addi	sp,sp,48
100004cc:	00008067          	ret

100004d0 <print_digit>:
100004d0:	fe010113          	addi	sp,sp,-32
100004d4:	00112e23          	sw	ra,28(sp)
100004d8:	00812c23          	sw	s0,24(sp)
100004dc:	02010413          	addi	s0,sp,32
100004e0:	fea42623          	sw	a0,-20(s0)
100004e4:	fec42783          	lw	a5,-20(s0)
100004e8:	00f7f793          	andi	a5,a5,15
100004ec:	fef42623          	sw	a5,-20(s0)
100004f0:	fec42703          	lw	a4,-20(s0)
100004f4:	00900793          	li	a5,9
100004f8:	00e7ec63          	bltu	a5,a4,10000510 <print_digit+0x40>
100004fc:	fec42783          	lw	a5,-20(s0)
10000500:	0ff7f793          	zext.b	a5,a5
10000504:	03078793          	addi	a5,a5,48
10000508:	0ff7f793          	zext.b	a5,a5
1000050c:	0140006f          	j	10000520 <print_digit+0x50>
10000510:	fec42783          	lw	a5,-20(s0)
10000514:	0ff7f793          	zext.b	a5,a5
10000518:	05778793          	addi	a5,a5,87
1000051c:	0ff7f793          	zext.b	a5,a5
10000520:	00078513          	mv	a0,a5
10000524:	d29ff0ef          	jal	1000024c <putchar>
10000528:	00000013          	nop
1000052c:	01c12083          	lw	ra,28(sp)
10000530:	01812403          	lw	s0,24(sp)
10000534:	02010113          	addi	sp,sp,32
10000538:	00008067          	ret

1000053c <flush_cpu_icache>:
1000053c:	ff010113          	addi	sp,sp,-16
10000540:	00112623          	sw	ra,12(sp)
10000544:	00812423          	sw	s0,8(sp)
10000548:	01010413          	addi	s0,sp,16
1000054c:	00000013          	nop
10000550:	00c12083          	lw	ra,12(sp)
10000554:	00812403          	lw	s0,8(sp)
10000558:	01010113          	addi	sp,sp,16
1000055c:	00008067          	ret

10000560 <flush_cpu_dcache>:
10000560:	ff010113          	addi	sp,sp,-16
10000564:	00112623          	sw	ra,12(sp)
10000568:	00812423          	sw	s0,8(sp)
1000056c:	01010413          	addi	s0,sp,16
10000570:	00000013          	nop
10000574:	00c12083          	lw	ra,12(sp)
10000578:	00812403          	lw	s0,8(sp)
1000057c:	01010113          	addi	sp,sp,16
10000580:	00008067          	ret

10000584 <configure_io>:
10000584:	ff010113          	addi	sp,sp,-16
10000588:	00112623          	sw	ra,12(sp)
1000058c:	00812423          	sw	s0,8(sp)
10000590:	01010413          	addi	s0,sp,16
10000594:	260007b7          	lui	a5,0x26000
10000598:	02478793          	addi	a5,a5,36 # 26000024 <_erodata+0x15fff424>
1000059c:	00b00713          	li	a4,11
100005a0:	00e7a023          	sw	a4,0(a5)
100005a4:	260007b7          	lui	a5,0x26000
100005a8:	02878793          	addi	a5,a5,40 # 26000028 <_erodata+0x15fff428>
100005ac:	00002737          	lui	a4,0x2
100005b0:	80970713          	addi	a4,a4,-2039 # 1809 <_fstack+0x1409>
100005b4:	00e7a023          	sw	a4,0(a5)
100005b8:	260007b7          	lui	a5,0x26000
100005bc:	02c78793          	addi	a5,a5,44 # 2600002c <_erodata+0x15fff42c>
100005c0:	40300713          	li	a4,1027
100005c4:	00e7a023          	sw	a4,0(a5)
100005c8:	260007b7          	lui	a5,0x26000
100005cc:	03078793          	addi	a5,a5,48 # 26000030 <_erodata+0x15fff430>
100005d0:	40300713          	li	a4,1027
100005d4:	00e7a023          	sw	a4,0(a5)
100005d8:	260007b7          	lui	a5,0x26000
100005dc:	03478793          	addi	a5,a5,52 # 26000034 <_erodata+0x15fff434>
100005e0:	40300713          	li	a4,1027
100005e4:	00e7a023          	sw	a4,0(a5)
100005e8:	260007b7          	lui	a5,0x26000
100005ec:	03878793          	addi	a5,a5,56 # 26000038 <_erodata+0x15fff438>
100005f0:	40300713          	li	a4,1027
100005f4:	00e7a023          	sw	a4,0(a5)
100005f8:	260007b7          	lui	a5,0x26000
100005fc:	03c78793          	addi	a5,a5,60 # 2600003c <_erodata+0x15fff43c>
10000600:	00002737          	lui	a4,0x2
10000604:	80970713          	addi	a4,a4,-2039 # 1809 <_fstack+0x1409>
10000608:	00e7a023          	sw	a4,0(a5)
1000060c:	260007b7          	lui	a5,0x26000
10000610:	04078793          	addi	a5,a5,64 # 26000040 <_erodata+0x15fff440>
10000614:	00002737          	lui	a4,0x2
10000618:	80970713          	addi	a4,a4,-2039 # 1809 <_fstack+0x1409>
1000061c:	00e7a023          	sw	a4,0(a5)
10000620:	260007b7          	lui	a5,0x26000
10000624:	04478793          	addi	a5,a5,68 # 26000044 <_erodata+0x15fff444>
10000628:	00002737          	lui	a4,0x2
1000062c:	80970713          	addi	a4,a4,-2039 # 1809 <_fstack+0x1409>
10000630:	00e7a023          	sw	a4,0(a5)
10000634:	260007b7          	lui	a5,0x26000
10000638:	04878793          	addi	a5,a5,72 # 26000048 <_erodata+0x15fff448>
1000063c:	00002737          	lui	a4,0x2
10000640:	80970713          	addi	a4,a4,-2039 # 1809 <_fstack+0x1409>
10000644:	00e7a023          	sw	a4,0(a5)
10000648:	260007b7          	lui	a5,0x26000
1000064c:	04c78793          	addi	a5,a5,76 # 2600004c <_erodata+0x15fff44c>
10000650:	00002737          	lui	a4,0x2
10000654:	80970713          	addi	a4,a4,-2039 # 1809 <_fstack+0x1409>
10000658:	00e7a023          	sw	a4,0(a5)
1000065c:	260007b7          	lui	a5,0x26000
10000660:	05078793          	addi	a5,a5,80 # 26000050 <_erodata+0x15fff450>
10000664:	00002737          	lui	a4,0x2
10000668:	80970713          	addi	a4,a4,-2039 # 1809 <_fstack+0x1409>
1000066c:	00e7a023          	sw	a4,0(a5)
10000670:	260007b7          	lui	a5,0x26000
10000674:	05478793          	addi	a5,a5,84 # 26000054 <_erodata+0x15fff454>
10000678:	00002737          	lui	a4,0x2
1000067c:	80970713          	addi	a4,a4,-2039 # 1809 <_fstack+0x1409>
10000680:	00e7a023          	sw	a4,0(a5)
10000684:	260007b7          	lui	a5,0x26000
10000688:	05878793          	addi	a5,a5,88 # 26000058 <_erodata+0x15fff458>
1000068c:	00002737          	lui	a4,0x2
10000690:	80970713          	addi	a4,a4,-2039 # 1809 <_fstack+0x1409>
10000694:	00e7a023          	sw	a4,0(a5)
10000698:	260007b7          	lui	a5,0x26000
1000069c:	05c78793          	addi	a5,a5,92 # 2600005c <_erodata+0x15fff45c>
100006a0:	00002737          	lui	a4,0x2
100006a4:	80970713          	addi	a4,a4,-2039 # 1809 <_fstack+0x1409>
100006a8:	00e7a023          	sw	a4,0(a5)
100006ac:	260007b7          	lui	a5,0x26000
100006b0:	06078793          	addi	a5,a5,96 # 26000060 <_erodata+0x15fff460>
100006b4:	00002737          	lui	a4,0x2
100006b8:	80970713          	addi	a4,a4,-2039 # 1809 <_fstack+0x1409>
100006bc:	00e7a023          	sw	a4,0(a5)
100006c0:	260007b7          	lui	a5,0x26000
100006c4:	06478793          	addi	a5,a5,100 # 26000064 <_erodata+0x15fff464>
100006c8:	00002737          	lui	a4,0x2
100006cc:	80970713          	addi	a4,a4,-2039 # 1809 <_fstack+0x1409>
100006d0:	00e7a023          	sw	a4,0(a5)
100006d4:	260007b7          	lui	a5,0x26000
100006d8:	06878793          	addi	a5,a5,104 # 26000068 <_erodata+0x15fff468>
100006dc:	00002737          	lui	a4,0x2
100006e0:	80970713          	addi	a4,a4,-2039 # 1809 <_fstack+0x1409>
100006e4:	00e7a023          	sw	a4,0(a5)
100006e8:	260007b7          	lui	a5,0x26000
100006ec:	06c78793          	addi	a5,a5,108 # 2600006c <_erodata+0x15fff46c>
100006f0:	00002737          	lui	a4,0x2
100006f4:	80970713          	addi	a4,a4,-2039 # 1809 <_fstack+0x1409>
100006f8:	00e7a023          	sw	a4,0(a5)
100006fc:	260007b7          	lui	a5,0x26000
10000700:	07078793          	addi	a5,a5,112 # 26000070 <_erodata+0x15fff470>
10000704:	00002737          	lui	a4,0x2
10000708:	80970713          	addi	a4,a4,-2039 # 1809 <_fstack+0x1409>
1000070c:	00e7a023          	sw	a4,0(a5)
10000710:	260007b7          	lui	a5,0x26000
10000714:	07478793          	addi	a5,a5,116 # 26000074 <_erodata+0x15fff474>
10000718:	00002737          	lui	a4,0x2
1000071c:	80970713          	addi	a4,a4,-2039 # 1809 <_fstack+0x1409>
10000720:	00e7a023          	sw	a4,0(a5)
10000724:	260007b7          	lui	a5,0x26000
10000728:	07878793          	addi	a5,a5,120 # 26000078 <_erodata+0x15fff478>
1000072c:	00002737          	lui	a4,0x2
10000730:	80970713          	addi	a4,a4,-2039 # 1809 <_fstack+0x1409>
10000734:	00e7a023          	sw	a4,0(a5)
10000738:	260007b7          	lui	a5,0x26000
1000073c:	07c78793          	addi	a5,a5,124 # 2600007c <_erodata+0x15fff47c>
10000740:	00002737          	lui	a4,0x2
10000744:	80970713          	addi	a4,a4,-2039 # 1809 <_fstack+0x1409>
10000748:	00e7a023          	sw	a4,0(a5)
1000074c:	260007b7          	lui	a5,0x26000
10000750:	08078793          	addi	a5,a5,128 # 26000080 <_erodata+0x15fff480>
10000754:	00002737          	lui	a4,0x2
10000758:	80970713          	addi	a4,a4,-2039 # 1809 <_fstack+0x1409>
1000075c:	00e7a023          	sw	a4,0(a5)
10000760:	260007b7          	lui	a5,0x26000
10000764:	08478793          	addi	a5,a5,132 # 26000084 <_erodata+0x15fff484>
10000768:	00002737          	lui	a4,0x2
1000076c:	80970713          	addi	a4,a4,-2039 # 1809 <_fstack+0x1409>
10000770:	00e7a023          	sw	a4,0(a5)
10000774:	260007b7          	lui	a5,0x26000
10000778:	08878793          	addi	a5,a5,136 # 26000088 <_erodata+0x15fff488>
1000077c:	00002737          	lui	a4,0x2
10000780:	80970713          	addi	a4,a4,-2039 # 1809 <_fstack+0x1409>
10000784:	00e7a023          	sw	a4,0(a5)
10000788:	260007b7          	lui	a5,0x26000
1000078c:	08c78793          	addi	a5,a5,140 # 2600008c <_erodata+0x15fff48c>
10000790:	00002737          	lui	a4,0x2
10000794:	80970713          	addi	a4,a4,-2039 # 1809 <_fstack+0x1409>
10000798:	00e7a023          	sw	a4,0(a5)
1000079c:	260007b7          	lui	a5,0x26000
100007a0:	09078793          	addi	a5,a5,144 # 26000090 <_erodata+0x15fff490>
100007a4:	00002737          	lui	a4,0x2
100007a8:	80970713          	addi	a4,a4,-2039 # 1809 <_fstack+0x1409>
100007ac:	00e7a023          	sw	a4,0(a5)
100007b0:	260007b7          	lui	a5,0x26000
100007b4:	09478793          	addi	a5,a5,148 # 26000094 <_erodata+0x15fff494>
100007b8:	00002737          	lui	a4,0x2
100007bc:	80970713          	addi	a4,a4,-2039 # 1809 <_fstack+0x1409>
100007c0:	00e7a023          	sw	a4,0(a5)
100007c4:	260007b7          	lui	a5,0x26000
100007c8:	09878793          	addi	a5,a5,152 # 26000098 <_erodata+0x15fff498>
100007cc:	00002737          	lui	a4,0x2
100007d0:	80970713          	addi	a4,a4,-2039 # 1809 <_fstack+0x1409>
100007d4:	00e7a023          	sw	a4,0(a5)
100007d8:	260007b7          	lui	a5,0x26000
100007dc:	09c78793          	addi	a5,a5,156 # 2600009c <_erodata+0x15fff49c>
100007e0:	00002737          	lui	a4,0x2
100007e4:	80970713          	addi	a4,a4,-2039 # 1809 <_fstack+0x1409>
100007e8:	00e7a023          	sw	a4,0(a5)
100007ec:	260007b7          	lui	a5,0x26000
100007f0:	0a078793          	addi	a5,a5,160 # 260000a0 <_erodata+0x15fff4a0>
100007f4:	00002737          	lui	a4,0x2
100007f8:	80970713          	addi	a4,a4,-2039 # 1809 <_fstack+0x1409>
100007fc:	00e7a023          	sw	a4,0(a5)
10000800:	260007b7          	lui	a5,0x26000
10000804:	0a478793          	addi	a5,a5,164 # 260000a4 <_erodata+0x15fff4a4>
10000808:	00002737          	lui	a4,0x2
1000080c:	80970713          	addi	a4,a4,-2039 # 1809 <_fstack+0x1409>
10000810:	00e7a023          	sw	a4,0(a5)
10000814:	260007b7          	lui	a5,0x26000
10000818:	0a878793          	addi	a5,a5,168 # 260000a8 <_erodata+0x15fff4a8>
1000081c:	00002737          	lui	a4,0x2
10000820:	80970713          	addi	a4,a4,-2039 # 1809 <_fstack+0x1409>
10000824:	00e7a023          	sw	a4,0(a5)
10000828:	260007b7          	lui	a5,0x26000
1000082c:	0ac78793          	addi	a5,a5,172 # 260000ac <_erodata+0x15fff4ac>
10000830:	00002737          	lui	a4,0x2
10000834:	80970713          	addi	a4,a4,-2039 # 1809 <_fstack+0x1409>
10000838:	00e7a023          	sw	a4,0(a5)
1000083c:	260007b7          	lui	a5,0x26000
10000840:	0b078793          	addi	a5,a5,176 # 260000b0 <_erodata+0x15fff4b0>
10000844:	00002737          	lui	a4,0x2
10000848:	80970713          	addi	a4,a4,-2039 # 1809 <_fstack+0x1409>
1000084c:	00e7a023          	sw	a4,0(a5)
10000850:	260007b7          	lui	a5,0x26000
10000854:	0b478793          	addi	a5,a5,180 # 260000b4 <_erodata+0x15fff4b4>
10000858:	00002737          	lui	a4,0x2
1000085c:	80970713          	addi	a4,a4,-2039 # 1809 <_fstack+0x1409>
10000860:	00e7a023          	sw	a4,0(a5)
10000864:	260007b7          	lui	a5,0x26000
10000868:	0b878793          	addi	a5,a5,184 # 260000b8 <_erodata+0x15fff4b8>
1000086c:	00002737          	lui	a4,0x2
10000870:	80970713          	addi	a4,a4,-2039 # 1809 <_fstack+0x1409>
10000874:	00e7a023          	sw	a4,0(a5)
10000878:	260007b7          	lui	a5,0x26000
1000087c:	00100713          	li	a4,1
10000880:	00e7a023          	sw	a4,0(a5) # 26000000 <_erodata+0x15fff400>
10000884:	00000013          	nop
10000888:	260007b7          	lui	a5,0x26000
1000088c:	0007a703          	lw	a4,0(a5) # 26000000 <_erodata+0x15fff400>
10000890:	00100793          	li	a5,1
10000894:	fef70ae3          	beq	a4,a5,10000888 <configure_io+0x304>
10000898:	00000013          	nop
1000089c:	00000013          	nop
100008a0:	00c12083          	lw	ra,12(sp)
100008a4:	00812403          	lw	s0,8(sp)
100008a8:	01010113          	addi	sp,sp,16
100008ac:	00008067          	ret

100008b0 <delay>:
100008b0:	fe010113          	addi	sp,sp,-32
100008b4:	00112e23          	sw	ra,28(sp)
100008b8:	00812c23          	sw	s0,24(sp)
100008bc:	02010413          	addi	s0,sp,32
100008c0:	fea42623          	sw	a0,-20(s0)
100008c4:	f00057b7          	lui	a5,0xf0005
100008c8:	00878793          	addi	a5,a5,8 # f0005008 <_erodata+0xe0004408>
100008cc:	0007a023          	sw	zero,0(a5)
100008d0:	f00057b7          	lui	a5,0xf0005
100008d4:	fec42703          	lw	a4,-20(s0)
100008d8:	00e7a023          	sw	a4,0(a5) # f0005000 <_erodata+0xe0004400>
100008dc:	f00057b7          	lui	a5,0xf0005
100008e0:	00878793          	addi	a5,a5,8 # f0005008 <_erodata+0xe0004408>
100008e4:	00100713          	li	a4,1
100008e8:	00e7a023          	sw	a4,0(a5)
100008ec:	f00057b7          	lui	a5,0xf0005
100008f0:	00c78793          	addi	a5,a5,12 # f000500c <_erodata+0xe000440c>
100008f4:	00100713          	li	a4,1
100008f8:	00e7a023          	sw	a4,0(a5)
100008fc:	0140006f          	j	10000910 <delay+0x60>
10000900:	f00057b7          	lui	a5,0xf0005
10000904:	00c78793          	addi	a5,a5,12 # f000500c <_erodata+0xe000440c>
10000908:	00100713          	li	a4,1
1000090c:	00e7a023          	sw	a4,0(a5)
10000910:	f00057b7          	lui	a5,0xf0005
10000914:	01078793          	addi	a5,a5,16 # f0005010 <_erodata+0xe0004410>
10000918:	0007a783          	lw	a5,0(a5)
1000091c:	fe0792e3          	bnez	a5,10000900 <delay+0x50>
10000920:	00000013          	nop
10000924:	00000013          	nop
10000928:	01c12083          	lw	ra,28(sp)
1000092c:	01812403          	lw	s0,24(sp)
10000930:	02010113          	addi	sp,sp,32
10000934:	00008067          	ret

10000938 <main>:
10000938:	ff010113          	addi	sp,sp,-16
1000093c:	00112623          	sw	ra,12(sp)
10000940:	00812423          	sw	s0,8(sp)
10000944:	01010413          	addi	s0,sp,16
10000948:	f00037b7          	lui	a5,0xf0003
1000094c:	80078793          	addi	a5,a5,-2048 # f0002800 <_erodata+0xe0001c00>
10000950:	00100713          	li	a4,1
10000954:	00e7a023          	sw	a4,0(a5)
10000958:	f00037b7          	lui	a5,0xf0003
1000095c:	80478793          	addi	a5,a5,-2044 # f0002804 <_erodata+0xe0001c04>
10000960:	0007a023          	sw	zero,0(a5)
10000964:	f00037b7          	lui	a5,0xf0003
10000968:	80878793          	addi	a5,a5,-2040 # f0002808 <_erodata+0xe0001c08>
1000096c:	00100713          	li	a4,1
10000970:	00e7a023          	sw	a4,0(a5)
10000974:	f00037b7          	lui	a5,0xf0003
10000978:	80c78793          	addi	a5,a5,-2036 # f000280c <_erodata+0xe0001c0c>
1000097c:	00100713          	li	a4,1
10000980:	00e7a023          	sw	a4,0(a5)
10000984:	c01ff0ef          	jal	10000584 <configure_io>
10000988:	f00067b7          	lui	a5,0xf0006
1000098c:	00100713          	li	a4,1
10000990:	00e7a023          	sw	a4,0(a5) # f0006000 <_erodata+0xe0005400>
10000994:	f00037b7          	lui	a5,0xf0003
10000998:	00c78713          	addi	a4,a5,12 # f000300c <_erodata+0xe000240c>
1000099c:	00000793          	li	a5,0
100009a0:	00f72023          	sw	a5,0(a4)
100009a4:	f0003737          	lui	a4,0xf0003
100009a8:	01c70713          	addi	a4,a4,28 # f000301c <_erodata+0xe000241c>
100009ac:	00f72023          	sw	a5,0(a4)
100009b0:	f00037b7          	lui	a5,0xf0003
100009b4:	00878713          	addi	a4,a5,8 # f0003008 <_erodata+0xe0002408>
100009b8:	00000793          	li	a5,0
100009bc:	00f72023          	sw	a5,0(a4)
100009c0:	f0003737          	lui	a4,0xf0003
100009c4:	01870713          	addi	a4,a4,24 # f0003018 <_erodata+0xe0002418>
100009c8:	00f72023          	sw	a5,0(a4)
100009cc:	f00037b7          	lui	a5,0xf0003
100009d0:	00478713          	addi	a4,a5,4 # f0003004 <_erodata+0xe0002404>
100009d4:	00000793          	li	a5,0
100009d8:	00f72023          	sw	a5,0(a4)
100009dc:	f0003737          	lui	a4,0xf0003
100009e0:	01470713          	addi	a4,a4,20 # f0003014 <_erodata+0xe0002414>
100009e4:	00f72023          	sw	a5,0(a4)
100009e8:	f0003737          	lui	a4,0xf0003
100009ec:	00000793          	li	a5,0
100009f0:	00f72023          	sw	a5,0(a4) # f0003000 <_erodata+0xe0002400>
100009f4:	f0003737          	lui	a4,0xf0003
100009f8:	01070713          	addi	a4,a4,16 # f0003010 <_erodata+0xe0002410>
100009fc:	00f72023          	sw	a5,0(a4)
10000a00:	100017b7          	lui	a5,0x10001
10000a04:	b2878513          	addi	a0,a5,-1240 # 10000b28 <_etext+0x28>
10000a08:	8cdff0ef          	jal	100002d4 <print>
10000a0c:	f00037b7          	lui	a5,0xf0003
10000a10:	81478793          	addi	a5,a5,-2028 # f0002814 <_erodata+0xe0001c14>
10000a14:	00100713          	li	a4,1
10000a18:	00e7a023          	sw	a4,0(a5)
10000a1c:	260007b7          	lui	a5,0x26000
10000a20:	00c78793          	addi	a5,a5,12 # 2600000c <_erodata+0x15fff40c>
10000a24:	0007a023          	sw	zero,0(a5)
10000a28:	260007b7          	lui	a5,0x26000
10000a2c:	01078793          	addi	a5,a5,16 # 26000010 <_erodata+0x15fff410>
10000a30:	0007a023          	sw	zero,0(a5)
10000a34:	000c37b7          	lui	a5,0xc3
10000a38:	50078513          	addi	a0,a5,1280 # c3500 <_fstack+0xc3100>
10000a3c:	e75ff0ef          	jal	100008b0 <delay>
10000a40:	f00037b7          	lui	a5,0xf0003
10000a44:	81478793          	addi	a5,a5,-2028 # f0002814 <_erodata+0xe0001c14>
10000a48:	0007a023          	sw	zero,0(a5)
10000a4c:	260007b7          	lui	a5,0x26000
10000a50:	01078793          	addi	a5,a5,16 # 26000010 <_erodata+0x15fff410>
10000a54:	03f00713          	li	a4,63
10000a58:	00e7a023          	sw	a4,0(a5)
10000a5c:	260007b7          	lui	a5,0x26000
10000a60:	00c78793          	addi	a5,a5,12 # 2600000c <_erodata+0x15fff40c>
10000a64:	fff00713          	li	a4,-1
10000a68:	00e7a023          	sw	a4,0(a5)
10000a6c:	000c37b7          	lui	a5,0xc3
10000a70:	50078513          	addi	a0,a5,1280 # c3500 <_fstack+0xc3100>
10000a74:	e3dff0ef          	jal	100008b0 <delay>
10000a78:	f95ff06f          	j	10000a0c <main+0xd4>
	...

Disassembly of section .rodata:

10000b00 <powers_of_10.0>:
10000b00:	ca00                	.insn	2, 0xca00
10000b02:	3b9a                	.insn	2, 0x3b9a
10000b04:	e100                	.insn	2, 0xe100
10000b06:	05f5                	.insn	2, 0x05f5
10000b08:	9680                	.insn	2, 0x9680
10000b0a:	0098                	.insn	2, 0x0098
10000b0c:	4240                	.insn	2, 0x4240
10000b0e:	86a0000f          	.insn	4, 0x86a0000f
10000b12:	0001                	.insn	2, 0x0001
10000b14:	2710                	.insn	2, 0x2710
10000b16:	0000                	.insn	2, 0x0000
10000b18:	03e8                	.insn	2, 0x03e8
10000b1a:	0000                	.insn	2, 0x0000
10000b1c:	0064                	.insn	2, 0x0064
10000b1e:	0000                	.insn	2, 0x0000
10000b20:	000a                	.insn	2, 0x000a
10000b22:	0000                	.insn	2, 0x0000
10000b24:	0001                	.insn	2, 0x0001
10000b26:	0000                	.insn	2, 0x0000
10000b28:	6548                	.insn	2, 0x6548
10000b2a:	6c6c                	.insn	2, 0x6c6c
10000b2c:	6f57206f          	j	10073a20 <_erodata+0x72e20>
10000b30:	6c72                	.insn	2, 0x6c72
10000b32:	2064                	.insn	2, 0x2064
10000b34:	2121                	.insn	2, 0x2121
10000b36:	000a                	.insn	2, 0x000a
	...

Disassembly of section .riscv.attributes:

00000000 <.riscv.attributes>:
   0:	2841                	.insn	2, 0x2841
   2:	0000                	.insn	2, 0x0000
   4:	7200                	.insn	2, 0x7200
   6:	7369                	.insn	2, 0x7369
   8:	01007663          	bgeu	zero,a6,14 <_ebss+0xc>
   c:	001e                	.insn	2, 0x001e
   e:	0000                	.insn	2, 0x0000
  10:	1004                	.insn	2, 0x1004
  12:	7205                	.insn	2, 0x7205
  14:	3376                	.insn	2, 0x3376
  16:	6932                	.insn	2, 0x6932
  18:	7032                	.insn	2, 0x7032
  1a:	5f31                	.insn	2, 0x5f31
  1c:	697a                	.insn	2, 0x697a
  1e:	32727363          	bgeu	tp,t2,344 <_ebss+0x33c>
  22:	3070                	.insn	2, 0x3070
  24:	0800                	.insn	2, 0x0800
  26:	0a01                	.insn	2, 0x0a01
  28:	0b                	.byte	0x0b

Disassembly of section .comment:

00000000 <.comment>:
   0:	3a434347          	.insn	4, 0x3a434347
   4:	2820                	.insn	2, 0x2820
   6:	66613667          	.insn	4, 0x66613667
   a:	66346363          	bltu	s0,gp,670 <_fstack+0x270>
   e:	6436                	.insn	2, 0x6436
  10:	2029                	.insn	2, 0x2029
  12:	3631                	.insn	2, 0x3631
  14:	312e                	.insn	2, 0x312e
  16:	302e                	.insn	2, 0x302e
	...
